[2025-08-03 16:07:34] [INFO] email sending is began: kirovog157@nicext.com and pending
[2025-08-03 16:07:38] [INFO] email is now sent: kirovog157@nicext.com
[2025-08-03 16:18:39] [INFO] email sending is began: king12murad@gmail.com and pending
[2025-08-03 16:18:41] [INFO] email sending is began: kirovog157@nicext.com and pending
[2025-08-03 16:18:44] [INFO] email is now sent: king12murad@gmail.com
[2025-08-03 16:18:46] [INFO] email is now sent: kirovog157@nicext.com
[2025-08-04 20:38:33] [INFO] email sending is began: haxafit679@percyfx.com and pending
[2025-08-04 20:38:44] [INFO] email is now sent: haxafit679@percyfx.com
[2025-08-05 17:29:59] [INFO] email sending is began: haxafit679@percyfx.com and pending
[2025-08-05 17:30:50] [INFO] email is now sent: haxafit679@percyfx.com
[2025-08-09 12:11:48] [INFO] email sending is began: ketavo3549@elobits.com and pending
[2025-08-09 12:12:00] [INFO] email is now sent: ketavo3549@elobits.com
[2025-08-09 12:15:38] [INFO] email sending is began: weyiya6768@elobits.com and pending
[2025-08-09 12:15:46] [INFO] email is now sent: weyiya6768@elobits.com
[2025-08-09 14:08:38] [INFO] email sending is began: weyiya6768@elobits.com and pending
[2025-08-09 14:08:42] [INFO] email is now sent: weyiya6768@elobits.com
[2025-08-10 11:34:29] [INFO] email sending is began: weyiya6768@elobits.com and pending
[2025-08-10 11:34:34] [INFO] email is now sent: weyiya6768@elobits.com
[2025-08-10 15:12:19] [INFO] email sending is began: weyiya6768@elobits.com and pending
[2025-08-10 15:12:23] [INFO] email is now sent: weyiya6768@elobits.com
[2025-08-19 22:25:28] [INFO] email sending is began: tamolec216@jobzyy.com and pending
[2025-08-19 22:25:41] [INFO] email is now sent: tamolec216@jobzyy.com
